{"gate": "b", "ok": false, "error": "TimeoutError('job job_6aa8d683_00000007 still running after 900s') "}

=== summary ===
{
  "capabilities_features": {
    "cache": true,
    "cancel_generating": false,
    "cancel_queued": true,
    "control_image": true,
    "hires": true,
    "init_image": true,
    "ip_adapter_image": true,
    "lora": true,
    "mask_image": true,
    "ref_images": true,
    "vae_tiling": true
  },
  "container_peak_ram_gib": 10.71,
  "requested_gates": [
    "b"
  ],
  "gates": [
    {
      "gate": "b",
      "ok": false,
      "error": "TimeoutError('job job_6aa8d683_00000007 still running after 900s') "
    }
  ],
  "ALL_THREE_PASS": false
}
