{"gate": "b", "ok": true, "secs": 840.7, "file": "out-AB-sig/gate_b.png", "bytes": 2479391, "images": 1}

=== summary ===
{
  "capabilities_features": {
    "cache": true,
    "cancel_generating": false,
    "cancel_queued": true,
    "control_image": true,
    "hires": true,
    "init_image": true,
    "ip_adapter_image": true,
    "lora": true,
    "mask_image": true,
    "ref_images": true,
    "vae_tiling": true
  },
  "container_peak_ram_gib": 10.71,
  "requested_gates": [
    "b"
  ],
  "gates": [
    {
      "gate": "b",
      "ok": true,
      "secs": 840.7,
      "file": "out-AB-sig/gate_b.png",
      "bytes": 2479391,
      "images": 1
    }
  ],
  "ALL_THREE_PASS": false
}
